../Middlewares/Third_Party/modbus/rtu/mbrtu.c:80:1:eMBRTUInit	32	static
../Middlewares/Third_Party/modbus/rtu/mbrtu.c:126:1:eMBRTUStart	8	static
../Middlewares/Third_Party/modbus/rtu/mbrtu.c:142:1:eMBRTUStop	8	static
../Middlewares/Third_Party/modbus/rtu/mbrtu.c:151:1:eMBRTUReceive	32	static
../Middlewares/Third_Party/modbus/rtu/mbrtu.c:214:1:eMBRTUSend	24	static
../Middlewares/Third_Party/modbus/rtu/mbrtu.c:268:1:xMBRTUReceiveFSM	16	static
../Middlewares/Third_Party/modbus/rtu/mbrtu.c:353:1:xMBRTUTransmitFSM	16	static
../Middlewares/Third_Party/modbus/rtu/mbrtu.c:396:1:xMBRTUTimerT35Expired	16	static
