../Core/Src/main.c:77:13:dump_tcp_buffers	56	static
../Core/Src/main.c:103:14:tcp_sent_callback	32	static
../Core/Src/main.c:109:14:tcp_connected	32	static
../Core/Src/main.c:123:6:start_tcp_connection	24	static
../Core/Src/main.c:137:6:send_hello_tcp	56	static
../Core/Src/main.c:182:5:main	16	static
../Core/Src/main.c:243:6:SystemClock_Config	88	static
../Core/Src/main.c:290:13:MX_UART4_Init	8	static
../Core/Src/main.c:323:13:MX_GPIO_Init	48	static
../Core/Src/main.c:362:13:tcp_error_callback	24	static
../Core/Src/main.c:369:6:HAL_GPIO_EXTI_Callback	24	static
../Core/Src/main.c:392:6:Error_Handler	4	static,ignoring_inline_asm
