../Core/Src/spi_protocol.c:51:20:SPI_CS_Low	8	static
../Core/Src/spi_protocol.c:55:20:SPI_CS_High	8	static
../Core/Src/spi_protocol.c:60:26:SPI_SendCommand	40	static
../Core/Src/spi_protocol.c:96:6:SPI_Protocol_Init	8	static
../Core/Src/spi_protocol.c:101:12:SPI_SetLED	64	static
../Core/Src/spi_protocol.c:132:12:SPI_GetLEDStatus	40	static
../Core/Src/spi_protocol.c:169:6:SPI_HandleModbusCoilWrite	24	static
../Core/Src/spi_protocol.c:188:6:SPI_HandleModbusCoilRead	24	static
../Core/Src/spi_protocol.c:208:6:SPI_TurnOffAllLEDs	8	static
../Core/Src/spi_protocol.c:212:6:SPI_TurnOnAllLEDs	8	static
