../Middlewares/Third_Party/modbus/port/port.c:14:6:xMBTCPPortInit	16	static
../Middlewares/Third_Party/modbus/port/port.c:28:6:vMBTCPPortClose	8	static
../Middlewares/Third_Party/modbus/port/port.c:36:6:vMBTCPPortDisable	8	static
../Middlewares/Third_Party/modbus/port/port.c:48:6:xMBTCPPortGetRequest	16	static
../Middlewares/Third_Party/modbus/port/port.c:61:6:xMBTCPPortSendResponse	16	static
../Middlewares/Third_Party/modbus/port/port.c:73:14:mb_accept	24	static
../Middlewares/Third_Party/modbus/port/port.c:85:14:mb_recv	24	static
../Middlewares/Third_Party/modbus/port/port.c:110:6:xMBPortEventInit	4	static
../Middlewares/Third_Party/modbus/port/port.c:111:6:xMBPortEventPost	16	static
../Middlewares/Third_Party/modbus/port/port.c:112:6:xMBPortEventGet	16	static
../Middlewares/Third_Party/modbus/port/port.c:114:6:xMBPortSerialInit	16	static
../Middlewares/Third_Party/modbus/port/port.c:120:6:vMBPortClose	4	static
../Middlewares/Third_Party/modbus/port/port.c:121:6:xMBPortSerialClose	4	static
../Middlewares/Third_Party/modbus/port/port.c:122:6:vMBPortSerialEnable	16	static
../Middlewares/Third_Party/modbus/port/port.c:123:6:xMBPortSerialGetByte	16	static
../Middlewares/Third_Party/modbus/port/port.c:124:6:xMBPortSerialPutByte	16	static
../Middlewares/Third_Party/modbus/port/port.c:126:6:xMBPortTimersInit	16	static
../Middlewares/Third_Party/modbus/port/port.c:127:6:xMBPortTimersClose	4	static
../Middlewares/Third_Party/modbus/port/port.c:128:6:vMBPortTimersEnable	4	static
../Middlewares/Third_Party/modbus/port/port.c:129:6:vMBPortTimersDisable	4	static
../Middlewares/Third_Party/modbus/port/port.c:130:6:vMBPortTimersDelay	16	static
